    Finished `release` profile [optimized] target(s) in 0.02s
     Running `target/release/ratatosk`
DEBUG: Received line: {"route":"/api/auth","latency":123}
DEBUG: Received line: ERROR: Database connection failed for /api/auth
DEBUG: Received line: {"route":"/api/products","latency":509}
DEBUG: Received line: ERROR: Database connection failed for /api/products
DEBUG: Received line: {"route":"/api/comments","latency":488}
DEBUG: Received line: {"route":"/api/auth","latency":323}
DEBUG: Received line: {"route":"/api/products","latency":354}
DEBUG: Received line: {"route":"/api/auth","latency":367}
DEBUG: Received line: {"route":"/api/auth","latency":144}
DEBUG: Received line: {"route":"/api/products","latency":170}
DEBUG: Received line: ERROR: Database connection failed for /api/products
DEBUG: Received line: {"route":"/api/comments","latency":249}
DEBUG: Received line: WARN: Slow query detected on /api/comments
DEBUG: Received line: {"route":"/api/auth","latency":160}
DEBUG: Received line: {"route":"/api/auth","latency":56}
DEBUG: Received line: ERROR: Database connection failed for /api/auth
DEBUG: Received line: {"route":"/api/auth","latency":293}
DEBUG: Received line: {"route":"/api/posts","latency":437}
DEBUG: Received line: ERROR: Database connection failed for /api/posts
DEBUG: Received line: {"route":"/api/users","latency":238}
DEBUG: Received line: {"route":"/api/users","latency":77}
DEBUG: Received line: {"route":"/api/comments","latency":143}
DEBUG: Received line: {"route":"/api/products","latency":276}
DEBUG: Received line: {"route":"/api/products","latency":156}
DEBUG: Received line: ERROR: Database connection failed for /api/products
DEBUG: Received line: {"route":"/api/posts","latency":206}
DEBUG: Received line: {"route":"/api/comments","latency":539}
DEBUG: Received line: {"route":"/api/products","latency":423}
DEBUG: Received line: {"route":"/api/users","latency":269}
DEBUG: Received line: {"route":"/api/products","latency":203}
DEBUG: Received line: {"route":"/api/posts","latency":360}
DEBUG: Received line: {"route":"/api/users","latency":457}
DEBUG: Received line: {"route":"/api/users","latency":221}
DEBUG: Received line: {"route":"/api/auth","latency":455}
DEBUG: Received line: {"route":"/api/posts","latency":288}
DEBUG: Received line: {"route":"/api/comments","latency":537}
DEBUG: Received line: {"route":"/api/comments","latency":408}
DEBUG: Received line: {"route":"/api/posts","latency":194}
DEBUG: Received line: {"route":"/api/auth","latency":367}
DEBUG: Received line: {"route":"/api/comments","latency":70}
DEBUG: Received line: {"route":"/api/users","latency":117}
DEBUG: Received line: {"route":"/api/products","latency":256}
DEBUG: Received line: {"route":"/api/comments","latency":191}
DEBUG: Received line: WARN: Slow query detected on /api/comments
DEBUG: Received line: {"route":"/api/auth","latency":446}
DEBUG: Received line: {"route":"/api/users","latency":267}
DEBUG: Received line: {"route":"/api/posts","latency":205}
DEBUG: Received line: {"route":"/api/users","latency":331}
DEBUG: Received line: {"route":"/api/users","latency":508}
DEBUG: Received line: {"route":"/api/auth","latency":197}
DEBUG: Received line: {"route":"/api/users","latency":230}
DEBUG: Received line: {"route":"/api/products","latency":295}
DEBUG: Received line: {"route":"/api/comments","latency":187}
DEBUG: Received line: {"route":"/api/posts","latency":369}
DEBUG: Received line: {"route":"/api/comments","latency":136}
DEBUG: Received line: {"route":"/api/products","latency":311}
DEBUG: Received line: {"route":"/api/posts","latency":510}
DEBUG: Received line: {"route":"/api/auth","latency":518}
DEBUG: Received line: {"route":"/api/comments","latency":477}
DEBUG: Received line: {"route":"/api/posts","latency":232}
DEBUG: Received line: {"route":"/api/comments","latency":182}
DEBUG: Received line: ERROR: Database connection failed for /api/comments
DEBUG: Received line: {"route":"/api/auth","latency":482}
DEBUG: Received line: WARN: Slow query detected on /api/auth
DEBUG: Received line: {"route":"/api/users","latency":270}
DEBUG: Received line: {"route":"/api/auth","latency":473}
DEBUG: Received line: ERROR: Database connection failed for /api/auth
DEBUG: Received line: {"route":"/api/users","latency":366}
DEBUG: Received line: {"route":"/api/posts","latency":452}
DEBUG: Received line: ERROR: Database connection failed for /api/posts
DEBUG: Received line: {"route":"/api/products","latency":360}
DEBUG: Received line: {"route":"/api/comments","latency":202}
DEBUG: Received line: {"route":"/api/comments","latency":418}
DEBUG: Received line: {"route":"/api/products","latency":436}
DEBUG: Received line: {"route":"/api/auth","latency":543}
DEBUG: Received line: {"route":"/api/comments","latency":465}
DEBUG: Received line: {"route":"/api/auth","latency":435}
DEBUG: Received line: {"route":"/api/users","latency":536}
DEBUG: Received line: {"route":"/api/auth","latency":90}
DEBUG: Received line: ERROR: Database connection failed for /api/auth
DEBUG: Received line: {"route":"/api/comments","latency":462}
DEBUG: Received line: {"route":"/api/posts","latency":432}
DEBUG: Received line: {"route":"/api/users","latency":488}
DEBUG: Received line: {"route":"/api/products","latency":470}
DEBUG: Received line: {"route":"/api/auth","latency":428}
DEBUG: Received line: {"route":"/api/auth","latency":226}
DEBUG: Received line: {"route":"/api/products","latency":386}
DEBUG: Received line: {"route":"/api/auth","latency":283}
DEBUG: Received line: {"route":"/api/products","latency":341}
DEBUG: Received line: {"route":"/api/products","latency":338}
DEBUG: Received line: ERROR: Database connection failed for /api/products
DEBUG: Received line: {"route":"/api/users","latency":369}
DEBUG: Received line: {"route":"/api/users","latency":125}
DEBUG: Received line: ERROR: Database connection failed for /api/users
DEBUG: Received line: {"route":"/api/posts","latency":169}
DEBUG: Received line: {"route":"/api/auth","latency":126}
DEBUG: Received line: {"route":"/api/posts","latency":230}
DEBUG: Received line: {"route":"/api/posts","latency":193}
DEBUG: Received line: {"route":"/api/users","latency":477}
DEBUG: Received line: ERROR: Database connection failed for /api/users
DEBUG: Received line: {"route":"/api/users","latency":102}
DEBUG: Received line: {"route":"/api/comments","latency":161}
DEBUG: Received line: {"route":"/api/posts","latency":339}
DEBUG: Received line: {"route":"/api/users","latency":292}
DEBUG: Received line: WARN: Slow query detected on /api/users
DEBUG: Received line: {"route":"/api/auth","latency":188}
DEBUG: Received line: {"route":"/api/posts","latency":144}
DEBUG: Received line: ERROR: Database connection failed for /api/posts
DEBUG: Received line: {"route":"/api/users","latency":361}
DEBUG: Received line: {"route":"/api/posts","latency":231}
DEBUG: Received line: {"route":"/api/users","latency":451}
DEBUG: Received line: {"route":"/api/products","latency":380}
DEBUG: Received line: {"route":"/api/posts","latency":422}
DEBUG: Received line: {"route":"/api/products","latency":422}
DEBUG: Received line: {"route":"/api/posts","latency":125}
DEBUG: Received line: {"route":"/api/auth","latency":79}
DEBUG: Received line: WARN: Slow query detected on /api/auth
DEBUG: Received line: {"route":"/api/comments","latency":298}
DEBUG: Received line: {"route":"/api/products","latency":432}
DEBUG: Received line: WARN: Slow query detected on /api/products
DEBUG: Received line: {"route":"/api/products","latency":438}
DEBUG: Received line: {"route":"/api/auth","latency":70}
DEBUG: Received line: ERROR: Database connection failed for /api/auth
DEBUG: Received line: {"route":"/api/auth","latency":56}
DEBUG: Received line: ERROR: Database connection failed for /api/auth
DEBUG: Received line: {"route":"/api/comments","latency":496}
DEBUG: Received line: {"route":"/api/products","latency":532}
DEBUG: Received line: {"route":"/api/comments","latency":109}
DEBUG: Received line: {"route":"/api/auth","latency":57}
DEBUG: Received line: {"route":"/api/products","latency":465}
DEBUG: Received line: {"route":"/api/auth","latency":331}
DEBUG: Received line: {"route":"/api/users","latency":298}
DEBUG: Received line: {"route":"/api/products","latency":472}
DEBUG: Received line: {"route":"/api/auth","latency":507}
DEBUG: Received line: {"route":"/api/auth","latency":77}
DEBUG: Received line: ERROR: Database connection failed for /api/auth
DEBUG: Received line: {"route":"/api/posts","latency":288}
DEBUG: Received line: {"route":"/api/auth","latency":217}
DEBUG: Received line: {"route":"/api/auth","latency":417}
DEBUG: Received line: ERROR: Database connection failed for /api/auth
DEBUG: Received line: {"route":"/api/posts","latency":289}
DEBUG: Received line: {"route":"/api/comments","latency":218}
DEBUG: Received line: {"route":"/api/posts","latency":530}
DEBUG: Received line: {"route":"/api/posts","latency":267}
DEBUG: Received line: {"route":"/api/products","latency":186}
DEBUG: Received line: {"route":"/api/auth","latency":438}
DEBUG: Received line: {"route":"/api/auth","latency":113}
DEBUG: Received line: {"route":"/api/auth","latency":51}
DEBUG: Received line: {"route":"/api/comments","latency":174}
DEBUG: Received line: {"route":"/api/users","latency":308}
DEBUG: Received line: {"route":"/api/posts","latency":63}
DEBUG: Received line: {"route":"/api/products","latency":184}
DEBUG: Received line: {"route":"/api/users","latency":369}
DEBUG: Received line: {"route":"/api/products","latency":536}
DEBUG: Received line: {"route":"/api/users","latency":505}
DEBUG: Received line: {"route":"/api/posts","latency":62}
DEBUG: Received line: {"route":"/api/auth","latency":287}
DEBUG: Received line: {"route":"/api/posts","latency":79}
DEBUG: Received line: {"route":"/api/users","latency":64}
DEBUG: Received line: {"route":"/api/posts","latency":548}
DEBUG: Received line: ERROR: Database connection failed for /api/posts
DEBUG: Received line: {"route":"/api/posts","latency":112}
DEBUG: Received line: {"route":"/api/users","latency":190}
DEBUG: Received line: {"route":"/api/users","latency":340}
DEBUG: Received line: ERROR: Database connection failed for /api/users
DEBUG: Received line: {"route":"/api/auth","latency":326}
DEBUG: Received line: {"route":"/api/auth","latency":280}
DEBUG: Received line: {"route":"/api/comments","latency":515}
DEBUG: Received line: {"route":"/api/posts","latency":207}
DEBUG: Received line: {"route":"/api/comments","latency":56}
DEBUG: Received line: WARN: Slow query detected on /api/comments
DEBUG: Received line: {"route":"/api/users","latency":95}
DEBUG: Received line: {"route":"/api/comments","latency":374}
DEBUG: Received line: {"route":"/api/users","latency":283}
DEBUG: Received line: {"route":"/api/users","latency":420}
DEBUG: Received line: {"route":"/api/comments","latency":121}
DEBUG: Received line: {"route":"/api/auth","latency":138}
DEBUG: Received line: {"route":"/api/users","latency":127}
DEBUG: Received line: ERROR: Database connection failed for /api/users
DEBUG: Received line: {"route":"/api/auth","latency":305}
DEBUG: Received line: {"route":"/api/posts","latency":453}
DEBUG: Received line: {"route":"/api/comments","latency":313}
DEBUG: Received line: {"route":"/api/comments","latency":504}
DEBUG: Received line: {"route":"/api/users","latency":519}
DEBUG: Received line: {"route":"/api/posts","latency":132}
DEBUG: Received line: {"route":"/api/auth","latency":267}
DEBUG: Received line: {"route":"/api/products","latency":419}
DEBUG: Received line: {"route":"/api/posts","latency":405}
DEBUG: Received line: ERROR: Database connection failed for /api/posts
DEBUG: Received line: {"route":"/api/products","latency":477}
DEBUG: Received line: {"route":"/api/products","latency":80}
DEBUG: Received line: {"route":"/api/products","latency":269}
DEBUG: Received line: {"route":"/api/users","latency":291}
DEBUG: Received line: {"route":"/api/products","latency":476}
DEBUG: Received line: {"route":"/api/users","latency":53}
DEBUG: Received line: {"route":"/api/auth","latency":547}
DEBUG: Received line: {"route":"/api/comments","latency":229}
DEBUG: Received line: {"route":"/api/users","latency":186}
DEBUG: Received line: ERROR: Database connection failed for /api/users
DEBUG: Received line: {"route":"/api/products","latency":163}
DEBUG: Received line: ERROR: Database connection failed for /api/products
DEBUG: Received line: {"route":"/api/products","latency":210}
DEBUG: Received line: {"route":"/api/posts","latency":492}
DEBUG: Received line: {"route":"/api/auth","latency":283}
DEBUG: Received line: ERROR: Database connection failed for /api/auth
DEBUG: Received line: {"route":"/api/comments","latency":164}
DEBUG: Received line: ERROR: Database connection failed for /api/comments
DEBUG: Received line: {"route":"/api/auth","latency":133}
DEBUG: Received line: {"route":"/api/posts","latency":444}
DEBUG: Received line: {"route":"/api/posts","latency":263}
DEBUG: Received line: {"route":"/api/auth","latency":318}
DEBUG: Received line: {"route":"/api/users","latency":405}
DEBUG: Received line: {"route":"/api/posts","latency":316}
DEBUG: Received line: {"route":"/api/products","latency":162}
DEBUG: Received line: {"route":"/api/auth","latency":289}
DEBUG: Received line: ERROR: Database connection failed for /api/auth
DEBUG: Received line: {"route":"/api/auth","latency":117}
DEBUG: Received line: {"route":"/api/posts","latency":386}
DEBUG: Received line: {"route":"/api/users","latency":459}
DEBUG: Received line: {"route":"/api/products","latency":109}
DEBUG: Received line: {"route":"/api/products","latency":147}
DEBUG: Received line: {"route":"/api/products","latency":247}
DEBUG: Received line: {"route":"/api/posts","latency":204}
DEBUG: Received line: ERROR: Database connection failed for /api/posts
DEBUG: Received line: {"route":"/api/products","latency":243}
DEBUG: Received line: {"route":"/api/products","latency":84}
DEBUG: Received line: {"route":"/api/comments","latency":461}
DEBUG: Received line: {"route":"/api/users","latency":74}
DEBUG: Received line: {"route":"/api/auth","latency":71}
DEBUG: Received line: WARN: Slow query detected on /api/auth
DEBUG: Received line: {"route":"/api/auth","latency":62}
DEBUG: Received line: {"route":"/api/posts","latency":161}
DEBUG: Received line: {"route":"/api/auth","latency":264}
DEBUG: Received line: {"route":"/api/products","latency":147}
DEBUG: Received line: {"route":"/api/comments","latency":111}
DEBUG: Received line: {"route":"/api/posts","latency":85}
DEBUG: Received line: {"route":"/api/auth","latency":421}
DEBUG: Received line: ERROR: Database connection failed for /api/auth
DEBUG: Received line: {"route":"/api/auth","latency":81}
DEBUG: Received line: {"route":"/api/products","latency":369}
DEBUG: Received line: {"route":"/api/users","latency":369}
DEBUG: Received line: {"route":"/api/posts","latency":123}
DEBUG: Received line: {"route":"/api/users","latency":139}
DEBUG: Received line: ERROR: Database connection failed for /api/users
DEBUG: Received line: {"route":"/api/products","latency":82}
DEBUG: Received line: ERROR: Database connection failed for /api/products
DEBUG: Received line: {"route":"/api/auth","latency":287}
DEBUG: Received line: ERROR: Database connection failed for /api/auth
DEBUG: Received line: {"route":"/api/products","latency":343}
DEBUG: Received line: {"route":"/api/comments","latency":103}
DEBUG: Received line: {"route":"/api/users","latency":393}
DEBUG: Received line: {"route":"/api/products","latency":57}
DEBUG: Received line: ERROR: Database connection failed for /api/products
DEBUG: Received line: {"route":"/api/comments","latency":532}
DEBUG: Received line: {"route":"/api/auth","latency":177}
DEBUG: Received line: {"route":"/api/comments","latency":178}
DEBUG: Received line: {"route":"/api/posts","latency":350}
DEBUG: Received line: {"route":"/api/products","latency":475}
DEBUG: Received line: WARN: Slow query detected on /api/products
DEBUG: Received line: {"route":"/api/products","latency":217}
DEBUG: Received line: {"route":"/api/users","latency":435}
DEBUG: Received line: {"route":"/api/users","latency":354}
DEBUG: Received line: {"route":"/api/products","latency":413}
DEBUG: Received line: {"route":"/api/products","latency":137}
DEBUG: Received line: {"route":"/api/auth","latency":502}
DEBUG: Received line: {"route":"/api/auth","latency":325}
DEBUG: Received line: {"route":"/api/comments","latency":256}
DEBUG: Received line: {"route":"/api/comments","latency":126}
DEBUG: Received line: {"route":"/api/auth","latency":544}
DEBUG: Received line: {"route":"/api/comments","latency":340}
DEBUG: Received line: {"route":"/api/comments","latency":117}
DEBUG: Received line: {"route":"/api/posts","latency":91}
DEBUG: Received line: {"route":"/api/auth","latency":101}
DEBUG: Received line: ERROR: Database connection failed for /api/auth
DEBUG: Received line: {"route":"/api/posts","latency":218}
DEBUG: Received line: {"route":"/api/users","latency":114}
DEBUG: Received line: {"route":"/api/comments","latency":181}
DEBUG: Received line: {"route":"/api/auth","latency":494}
DEBUG: Received line: {"route":"/api/comments","latency":401}
DEBUG: Received line: {"route":"/api/products","latency":487}
DEBUG: Received line: {"route":"/api/auth","latency":92}
DEBUG: Received line: {"route":"/api/comments","latency":257}
DEBUG: Received line: {"route":"/api/auth","latency":243}
DEBUG: Received line: ERROR: Database connection failed for /api/auth
DEBUG: Received line: {"route":"/api/auth","latency":143}
DEBUG: Received line: {"route":"/api/auth","latency":264}
DEBUG: Received line: {"route":"/api/users","latency":312}
DEBUG: Received line: {"route":"/api/users","latency":158}
DEBUG: Received line: {"route":"/api/posts","latency":78}
DEBUG: Received line: {"route":"/api/products","latency":501}
DEBUG: Received line: {"route":"/api/auth","latency":267}
DEBUG: Received line: {"route":"/api/auth","latency":430}
DEBUG: Received line: {"route":"/api/posts","latency":147}
DEBUG: Received line: {"route":"/api/auth","latency":202}
DEBUG: Received line: {"route":"/api/products","latency":133}
DEBUG: Received line: {"route":"/api/auth","latency":248}
DEBUG: Received line: ERROR: Database connection failed for /api/auth
DEBUG: Received line: WARN: Slow query detected on /api/auth
DEBUG: Received line: {"route":"/api/auth","latency":245}
DEBUG: Received line: {"route":"/api/users","latency":353}
DEBUG: Received line: ERROR: Database connection failed for /api/users
DEBUG: Received line: {"route":"/api/products","latency":382}
DEBUG: Received line: WARN: Slow query detected on /api/products
DEBUG: Received line: {"route":"/api/auth","latency":221}
DEBUG: Received line: {"route":"/api/posts","latency":178}
DEBUG: Received line: {"route":"/api/products","latency":178}
DEBUG: Received line: ERROR: Database connection failed for /api/products
DEBUG: Received line: {"route":"/api/auth","latency":286}
DEBUG: Received line: {"route":"/api/products","latency":476}
DEBUG: Received line: {"route":"/api/products","latency":182}
DEBUG: Received line: {"route":"/api/users","latency":279}
DEBUG: Received line: {"route":"/api/comments","latency":313}
DEBUG: Received line: {"route":"/api/comments","latency":340}
DEBUG: Received line: {"route":"/api/comments","latency":177}
DEBUG: Received line: ERROR: Database connection failed for /api/comments
DEBUG: Received line: {"route":"/api/auth","latency":61}
DEBUG: Received line: {"route":"/api/comments","latency":248}
DEBUG: Received line: {"route":"/api/products","latency":497}
DEBUG: Received line: ERROR: Database connection failed for /api/products
DEBUG: Received line: {"route":"/api/comments","latency":233}
DEBUG: Received line: {"route":"/api/products","latency":240}
DEBUG: Received line: {"route":"/api/users","latency":460}
DEBUG: Received line: {"route":"/api/products","latency":298}
DEBUG: Received line: {"route":"/api/products","latency":430}
DEBUG: Received line: {"route":"/api/auth","latency":168}
DEBUG: Received line: WARN: Slow query detected on /api/auth
DEBUG: Received line: {"route":"/api/products","latency":265}
DEBUG: Received line: {"route":"/api/auth","latency":428}
DEBUG: Received line: {"route":"/api/posts","latency":465}
DEBUG: Received line: {"route":"/api/comments","latency":444}
DEBUG: Received line: {"route":"/api/auth","latency":540}
DEBUG: Received line: {"route":"/api/products","latency":438}
DEBUG: Received line: {"route":"/api/comments","latency":402}
DEBUG: Received line: {"route":"/api/posts","latency":327}
DEBUG: Received line: {"route":"/api/auth","latency":288}
DEBUG: Received line: {"route":"/api/products","latency":500}
DEBUG: Received line: {"route":"/api/posts","latency":489}
DEBUG: Received line: {"route":"/api/comments","latency":160}
DEBUG: Received line: ERROR: Database connection failed for /api/comments
DEBUG: Received line: {"route":"/api/auth","latency":380}
DEBUG: Received line: {"route":"/api/products","latency":319}
DEBUG: Received line: {"route":"/api/auth","latency":199}
DEBUG: Received line: ERROR: Database connection failed for /api/auth
DEBUG: Received line: {"route":"/api/products","latency":316}
DEBUG: Received line: {"route":"/api/auth","latency":216}
DEBUG: Received line: {"route":"/api/auth","latency":122}
DEBUG: Received line: {"route":"/api/comments","latency":412}
